\BOOKMARK [1][-]{section.1}{\376\377\000G\000i\036\333\000i\000\040\000t\000h\000i\036\307\000u\000\040\000t\036\325\000n\000g\000\040\000q\000u\000a\000n\000\040\000v\036\301\000\040\000I\000o\000T}{}% 1
\BOOKMARK [2][-]{subsection.1.1}{\376\377\001\020\036\313\000n\000h\000\040\000n\000g\000h\001\051\000a}{section.1}% 2
\BOOKMARK [2][-]{subsection.1.2}{\376\377\000Q\000u\000y\000\040\000m\000\364\000\040\000v\000\340\000\040\000t\036\247\000m\000\040\000q\000u\000a\000n\000\040\000t\000r\036\315\000n\000g}{section.1}% 3
\BOOKMARK [2][-]{subsection.1.3}{\376\377\000C\000\341\000c\000\040\000l\001\051\000n\000h\000\040\000v\036\361\000c\000\040\036\351\000n\000g\000\040\000d\036\345\000n\000g\000\040\000c\000h\000\355\000n\000h}{section.1}% 4
\BOOKMARK [2][-]{subsection.1.4}{\376\377\000T\036\241\000i\000\040\000s\000a\000o\000\040\000k\000i\036\277\000n\000\040\000t\000r\000\372\000c\000\040\000p\000h\036\247\000n\000\040\000m\036\301\000m\000\040\000q\000u\000a\000n\000\040\000t\000r\036\315\000n\000g\000\040\000t\000r\000o\000n\000g\000\040\000I\000o\000T}{section.1}% 5
\BOOKMARK [1][-]{section.2}{\376\377\001\020\036\267\000c\000\040\000t\000\355\000n\000h\000\040\000k\000i\036\277\000n\000\040\000t\000r\000\372\000c\000\040\000t\000r\000o\000n\000g\000\040\000I\000o\000T}{}% 6
\BOOKMARK [2][-]{subsection.2.1}{\376\377\000K\000h\000\341\000i\000\040\000n\000i\036\307\000m\000\040\001\021\036\267\000c\000\040\000t\000\355\000n\000h\000\040\000k\000i\036\277\000n\000\040\000t\000r\000\372\000c}{section.2}% 7
\BOOKMARK [2][-]{subsection.2.2}{\376\377\000C\000\341\000c\000\040\001\021\036\267\000c\000\040\000t\000\355\000n\000h\000\040\000c\036\321\000t\000\040\000l\000\365\000i\000\040\000c\036\347\000a\000\040\000h\036\307\000\040\000t\000h\036\321\000n\000g\000\040\000I\000o\000T}{section.2}% 8
\BOOKMARK [2][-]{subsection.2.3}{\376\377\000S\036\361\000\040\001\021\000\341\000n\000h\000\040\001\021\036\325\000i\000\040\000g\000i\036\357\000a\000\040\000c\000\341\000c\000\040\001\021\036\267\000c\000\040\000t\000\355\000n\000h\000\040\000k\000i\036\277\000n\000\040\000t\000r\000\372\000c}{section.2}% 9
\BOOKMARK [2][-]{subsection.2.4}{\376\377\001\020\036\267\000c\000\040\000t\000\355\000n\000h\000\040\000k\000i\036\277\000n\000\040\000t\000r\000\372\000c\000\040\000d\036\253\000n\000\040\000d\036\257\000t\000\040\000v\000i\036\307\000c\000\040\000l\036\361\000a\000\040\000c\000h\036\315\000n\000\040\000m\036\253\000u\000\040\000k\000i\036\277\000n\000\040\000t\000r\000\372\000c}{section.2}% 10
\BOOKMARK [1][-]{section.3}{\376\377\000S\000o\000f\000t\000w\000a\000r\000e\000\040\000a\000r\000c\000h\000i\000t\000e\000c\000t\000u\000r\000e\000\040\000p\000a\000t\000t\000e\000r\000n\000s\000\040\000\046\000\040\000T\000r\000a\000d\000e\000-\000O\000f\000f}{}% 11
\BOOKMARK [2][-]{subsection.3.1}{\376\377\000L\000a\000y\000e\000r\000e\000d\000\040\000A\000r\000c\000h\000i\000t\000e\000c\000t\000u\000r\000e}{section.3}% 12
\BOOKMARK [3][-]{subsubsection.3.1.1}{\376\377\000M\000\364\000\040\000t\036\243\000\040\000h\036\307\000\040\000t\000h\036\321\000n\000g}{subsection.3.1}% 13
\BOOKMARK [3][-]{subsubsection.3.1.2}{\376\377\000P\000h\000\342\000n\000\040\000t\000\355\000c\000h\000\040\000s\036\361\000\040\001\021\000\341\000n\000h\000\040\001\021\036\325\000i}{subsection.3.1}% 14
\BOOKMARK [3][-]{subsubsection.3.1.3}{\376\377\000N\000g\036\357\000\040\000c\036\243\000n\000h\000\040\000\341\000p\000\040\000d\036\345\000n\000g\000\040\000v\000\340\000\040\000N\000g\001\260\036\341\000n\000g\000\040\000t\036\333\000i\000\040\000h\036\241\000n}{subsection.3.1}% 15
\BOOKMARK [3][-]{subsubsection.3.1.4}{\376\377\000S\000u\000m\000m\000a\000r\000y}{subsection.3.1}% 16
\BOOKMARK [2][-]{subsection.3.2}{\376\377\000M\000i\000c\000r\000o\000s\000e\000r\000v\000i\000c\000e\000s\000\040\000A\000r\000c\000h\000i\000t\000e\000c\000t\000u\000r\000e}{section.3}% 17
\BOOKMARK [3][-]{subsubsection.3.2.1}{\376\377\000M\000\364\000\040\000t\036\243\000\040\000h\036\307\000\040\000t\000h\036\321\000n\000g}{subsection.3.2}% 18
\BOOKMARK [3][-]{subsubsection.3.2.2}{\376\377\000P\000h\000\342\000n\000\040\000t\000\355\000c\000h\000\040\000s\036\361\000\040\001\021\000\341\000n\000h\000\040\001\021\036\325\000i}{subsection.3.2}% 19
\BOOKMARK [3][-]{subsubsection.3.2.3}{\376\377\000N\000g\036\357\000\040\000c\036\243\000n\000h\000\040\000\341\000p\000\040\000d\036\345\000n\000g\000\040\000v\000\340\000\040\000N\000g\001\260\036\341\000n\000g\000\040\000t\036\333\000i\000\040\000h\036\241\000n}{subsection.3.2}% 20
\BOOKMARK [3][-]{subsubsection.3.2.4}{\376\377\000S\000u\000m\000m\000a\000r\000y}{subsection.3.2}% 21
\BOOKMARK [2][-]{subsection.3.3}{\376\377\000E\000v\000e\000n\000t\000-\000D\000r\000i\000v\000e\000n\000\040\000A\000r\000c\000h\000i\000t\000e\000c\000t\000u\000r\000e\000\040\000-\000\040\000E\000D\000A}{section.3}% 22
\BOOKMARK [3][-]{subsubsection.3.3.1}{\376\377\000M\000\364\000\040\000t\036\243\000\040\000h\036\307\000\040\000t\000h\036\321\000n\000g}{subsection.3.3}% 23
\BOOKMARK [3][-]{subsubsection.3.3.2}{\376\377\000P\000h\000\342\000n\000\040\000t\000\355\000c\000h\000\040\000s\036\361\000\040\001\021\000\341\000n\000h\000\040\001\021\036\325\000i}{subsection.3.3}% 24
\BOOKMARK [3][-]{subsubsection.3.3.3}{\376\377\000N\000g\036\357\000\040\000c\036\243\000n\000h\000\040\000\341\000p\000\040\000d\036\345\000n\000g\000\040\000v\000\340\000\040\000N\000g\001\260\036\341\000n\000g\000\040\000t\036\333\000i\000\040\000h\036\241\000n}{subsection.3.3}% 25
\BOOKMARK [3][-]{subsubsection.3.3.4}{\376\377\000S\000u\000m\000m\000a\000r\000y}{subsection.3.3}% 26
\BOOKMARK [2][-]{subsection.3.4}{\376\377\000S\000e\000r\000v\000e\000r\000l\000e\000s\000s\000\040\000A\000r\000c\000h\000i\000t\000e\000c\000t\000u\000r\000e}{section.3}% 27
\BOOKMARK [3][-]{subsubsection.3.4.1}{\376\377\000M\000\364\000\040\000t\036\243\000\040\000h\036\307\000\040\000t\000h\036\321\000n\000g}{subsection.3.4}% 28
\BOOKMARK [3][-]{subsubsection.3.4.2}{\376\377\000P\000h\000\342\000n\000\040\000t\000\355\000c\000h\000\040\000s\036\361\000\040\001\021\000\341\000n\000h\000\040\001\021\036\325\000i}{subsection.3.4}% 29
\BOOKMARK [3][-]{subsubsection.3.4.3}{\376\377\000N\000g\036\357\000\040\000c\036\243\000n\000h\000\040\000\341\000p\000\040\000d\036\345\000n\000g\000\040\000v\000\340\000\040\000N\000g\001\260\036\341\000n\000g\000\040\000t\036\333\000i\000\040\000h\036\241\000n}{subsection.3.4}% 30
\BOOKMARK [3][-]{subsubsection.3.4.4}{\376\377\000S\000u\000m\000m\000a\000r\000y}{subsection.3.4}% 31
\BOOKMARK [2][-]{subsection.3.5}{\376\377\000E\000d\000g\000e\000-\000C\000l\000o\000u\000d\000\040\000H\000y\000b\000r\000i\000d\000\040\000A\000r\000c\000h\000i\000t\000e\000c\000t\000u\000r\000e}{section.3}% 32
\BOOKMARK [3][-]{subsubsection.3.5.1}{\376\377\000M\000\364\000\040\000t\036\243\000\040\000h\036\307\000\040\000t\000h\036\321\000n\000g}{subsection.3.5}% 33
\BOOKMARK [3][-]{subsubsection.3.5.2}{\376\377\000P\000h\000\342\000n\000\040\000t\000\355\000c\000h\000\040\000s\036\361\000\040\001\021\000\341\000n\000h\000\040\001\021\036\325\000i}{subsection.3.5}% 34
\BOOKMARK [3][-]{subsubsection.3.5.3}{\376\377\000N\000g\036\357\000\040\000c\036\243\000n\000h\000\040\000\341\000p\000\040\000d\036\345\000n\000g\000\040\000v\000\340\000\040\000N\000g\001\260\036\341\000n\000g\000\040\000t\036\333\000i\000\040\000h\036\241\000n}{subsection.3.5}% 35
\BOOKMARK [3][-]{subsubsection.3.5.4}{\376\377\000S\000u\000m\000m\000a\000r\000y}{subsection.3.5}% 36
\BOOKMARK [1][-]{section.4}{\376\377\000C\000a\000s\000e\000\040\000s\000t\000u\000d\000y}{}% 37
\BOOKMARK [2][-]{subsection.4.1}{\376\377\000R\000o\000l\000l\000s\000-\000R\000o\000y\000c\000e\000\040\000-\000\040\000I\000n\000t\000e\000l\000l\000i\000g\000e\000n\000t\000E\000n\000g\000i\000n\000e}{section.4}% 38
\BOOKMARK [2][-]{subsection.4.2}{\376\377\000J\000o\000h\000n\000\040\000D\000e\000e\000r\000e\000\040\000-\000\040\000N\036\301\000n\000\040\000t\036\243\000n\000g\000\040\000N\000\364\000n\000g\000\040\000n\000g\000h\000i\036\307\000p\000\040\000C\000h\000\355\000n\000h\000\040\000x\000\341\000c\000\040\000I\000o\000T}{section.4}% 39
\BOOKMARK [2][-]{subsection.4.3}{\376\377\000S\000i\000e\000m\000e\000n\000s\000\040\000M\000i\000n\000d\000S\000p\000h\000e\000r\000e\000\040\000/\000\040\000I\000n\000s\000i\000g\000h\000t\000s\000\040\000H\000u\000b\000\040\000-\000\040\000N\036\301\000n\000\040\000t\036\243\000n\000g\000\040\000I\000I\000o\000T\000\040\000P\000a\000a\000S}{section.4}% 40
\BOOKMARK [2][-]{subsection.4.4}{\376\377\000B\000\340\000i\000\040\000h\036\315\000c\000\040\000k\000i\036\277\000n\000\040\000t\000r\000\372\000c\000\040\000t\036\353\000\040\000t\000h\036\361\000c\000\040\000t\036\277}{section.4}% 41
\BOOKMARK [1][-]{section.5}{\376\377\000K\036\277\000t\000\040\000l\000u\036\255\000n}{}% 42
